[template.hasthemes.com/toro/toro/index-6.html]
[backblue.gif]
[fade.gif]
[index.html]
[template.hasthemes.com/toro/toro/assets/images/favicon.png]
[template.hasthemes.com/toro/toro/assets/css/vendor/bootstrap.min.css]
[template.hasthemes.com/toro/toro/assets/css/vendor/font-awesome.css]
[template.hasthemes.com/toro/toro/assets/css/plugins/owl-carousel.css]
[template.hasthemes.com/toro/toro/assets/css/vendor/dlicon.css]
[template.hasthemes.com/toro/toro/assets/css/plugins/slick.css]
[template.hasthemes.com/toro/toro/assets/css/plugins/magnific-popup.css]
[template.hasthemes.com/toro/toro/assets/css/plugins/jarallax.css]
[template.hasthemes.com/toro/toro/assets/css/plugins/easyzoom.css]
[template.hasthemes.com/toro/toro/assets/css/plugins/animate.css]
[template.hasthemes.com/toro/toro/assets/css/plugins/fullpage.css]
[template.hasthemes.com/toro/toro/assets/css/plugins/jquery-ui.css]
[template.hasthemes.com/toro/toro/assets/css/plugins/select2.min.css]
[template.hasthemes.com/toro/toro/index.html]
[template.hasthemes.com/toro/toro/assets/images/logo/logo.png]
[template.hasthemes.com/toro/toro/assets/images/menu/h-1.jpg]
[template.hasthemes.com/toro/toro/wishlist.html]
[template.hasthemes.com/toro/toro/assets/images/menu/h-2.jpg]
[template.hasthemes.com/toro/toro/index-2.html]
[template.hasthemes.com/toro/toro/assets/images/menu/h-3.jpg]
[template.hasthemes.com/toro/toro/index-3.html]
[template.hasthemes.com/toro/toro/index-4.html]
[template.hasthemes.com/toro/toro/assets/css/style.css]
[template.hasthemes.com/toro/toro/assets/images/menu/h-4.jpg]
[template.hasthemes.com/toro/toro/assets/images/menu/h-5.jpg]
[template.hasthemes.com/toro/toro/index-5.html]
[template.hasthemes.com/toro/toro/assets/images/menu/h-6.jpg]
[template.hasthemes.com/toro/toro/assets/images/menu/h-7.jpg]
[template.hasthemes.com/toro/toro/index-7.html]
[template.hasthemes.com/toro/toro/assets/images/menu/h-8.jpg]
[template.hasthemes.com/toro/toro/index-8.html]
[template.hasthemes.com/toro/toro/assets/images/menu/h-9.jpg]
[template.hasthemes.com/toro/toro/index-9.html]
[template.hasthemes.com/toro/toro/index-10.html]
[template.hasthemes.com/toro/toro/assets/images/menu/h-10.jpg]
[template.hasthemes.com/toro/toro/index-11.html]
[template.hasthemes.com/toro/toro/assets/images/menu/h-11.jpg]
[template.hasthemes.com/toro/toro/index-12.html]
[template.hasthemes.com/toro/toro/assets/images/menu/h-12.jpg]
[template.hasthemes.com/toro/toro/assets/images/menu/h-13.jpg]
[template.hasthemes.com/toro/toro/index-13.html]
[template.hasthemes.com/toro/toro/index-14.html]
[template.hasthemes.com/toro/toro/assets/images/menu/h-14.jpg]
[template.hasthemes.com/toro/toro/index-15.html]
[template.hasthemes.com/toro/toro/assets/images/menu/h-15.jpg]
[template.hasthemes.com/toro/toro/assets/images/menu/h-16.jpg]
[template.hasthemes.com/toro/toro/assets/images/menu/h-17.jpg]
[template.hasthemes.com/toro/toro/index-17.html]
[template.hasthemes.com/toro/toro/index-16.html]
[template.hasthemes.com/toro/toro/index-18.html]
[template.hasthemes.com/toro/toro/assets/images/menu/h-18.jpg]
[template.hasthemes.com/toro/toro/index-19.html]
[template.hasthemes.com/toro/toro/assets/images/menu/h-19.jpg]
[template.hasthemes.com/toro/toro/about-us.html]
[template.hasthemes.com/toro/toro/contact-us.html]
[template.hasthemes.com/toro/toro/comming-soon.html]
[template.hasthemes.com/toro/toro/404.html]
[template.hasthemes.com/toro/toro/comming-soon-2.html]
[template.hasthemes.com/toro/toro/faq.html]
[template.hasthemes.com/toro/toro/shop-fullwide.html]
[template.hasthemes.com/toro/toro/shop-sidebar.html]
[template.hasthemes.com/toro/toro/shop-3-col.html]
[template.hasthemes.com/toro/toro/shop-metro.html]
[template.hasthemes.com/toro/toro/shop-collection-1.html]
[template.hasthemes.com/toro/toro/shop-2-col.html]
[template.hasthemes.com/toro/toro/shop-collection-2.html]
[template.hasthemes.com/toro/toro/product-details.html]
[template.hasthemes.com/toro/toro/product-details-2.html]
[template.hasthemes.com/toro/toro/product-details-sticky.html]
[template.hasthemes.com/toro/toro/product-details-group.html]
[template.hasthemes.com/toro/toro/product-details-thumbnail.html]
[template.hasthemes.com/toro/toro/product-details-configurable.html]
[template.hasthemes.com/toro/toro/product-details-video.html]
[template.hasthemes.com/toro/toro/product-details-affiliate.html]
[template.hasthemes.com/toro/toro/product-details-sidebar.html]
[template.hasthemes.com/toro/toro/my-account.html]
[template.hasthemes.com/toro/toro/cart.html]
[template.hasthemes.com/toro/toro/checkout.html]
[template.hasthemes.com/toro/toro/order-tracking.html]
[template.hasthemes.com/toro/toro/compare.html]
[template.hasthemes.com/toro/toro/login-register.html]
[template.hasthemes.com/toro/toro/assets/images/menu/banner-header.jpg]
[template.hasthemes.com/toro/toro/blog-2.html]
[template.hasthemes.com/toro/toro/blog.html]
[template.hasthemes.com/toro/toro/blog-3.html]
[template.hasthemes.com/toro/toro/blog-details.html]
[template.hasthemes.com/toro/toro/shop-instagram.html]
[template.hasthemes.com/toro/toro/blog-details-2.html]
[template.hasthemes.com/toro/toro/assets/images/cart/cart-1.jpg]
[template.hasthemes.com/toro/toro/assets/images/cart/cart-2.jpg]
[template.hasthemes.com/toro/toro/assets/images/icon-img/payments.png]
[template.hasthemes.com/toro/toro/assets/images/slider/slider-hm6-1.jpg]
[template.hasthemes.com/toro/toro/assets/images/slider/slider-hm6-2.jpg]
[template.hasthemes.com/toro/toro/assets/images/banner/banner-9.jpg]
[template.hasthemes.com/toro/toro/assets/images/banner/banner-10.jpg]
[template.hasthemes.com/toro/toro/assets/images/product/product-3.jpg]
[template.hasthemes.com/toro/toro/assets/images/product/product-3-2.jpg]
[template.hasthemes.com/toro/toro/assets/images/product/product-4.jpg]
[template.hasthemes.com/toro/toro/assets/images/product/product-4-2.jpg]
[template.hasthemes.com/toro/toro/assets/images/product/product-1.jpg]
[template.hasthemes.com/toro/toro/assets/images/product/product-1-2.jpg]
[template.hasthemes.com/toro/toro/assets/images/product/product-5.jpg]
[template.hasthemes.com/toro/toro/assets/images/product/product-5-2.jpg]
[template.hasthemes.com/toro/toro/assets/images/product/product-6.jpg]
[template.hasthemes.com/toro/toro/assets/images/product/product-6-2.jpg]
[template.hasthemes.com/toro/toro/assets/images/product/product-7.jpg]
[template.hasthemes.com/toro/toro/assets/images/product/product-7-2.jpg]
[template.hasthemes.com/toro/toro/assets/images/product/product-8.jpg]
[template.hasthemes.com/toro/toro/assets/images/product/product-8-2.jpg]
[template.hasthemes.com/toro/toro/assets/images/product/product-9.jpg]
[template.hasthemes.com/toro/toro/assets/images/product/product-9-2.jpg]
[template.hasthemes.com/toro/toro/assets/images/product/product-16.jpg]
[template.hasthemes.com/toro/toro/assets/images/product/product-16-2.jpg]
[template.hasthemes.com/toro/toro/assets/images/product/product-15.jpg]
[template.hasthemes.com/toro/toro/assets/images/product/product-15-2.jpg]
[template.hasthemes.com/toro/toro/assets/images/product/product-14.jpg]
[template.hasthemes.com/toro/toro/assets/images/product/product-14-2.jpg]
[template.hasthemes.com/toro/toro/assets/images/product/product-13.jpg]
[template.hasthemes.com/toro/toro/assets/images/product/product-13-2.jpg]
[template.hasthemes.com/toro/toro/assets/images/product/product-12.jpg]
[template.hasthemes.com/toro/toro/assets/images/product/product-12-2.jpg]
[template.hasthemes.com/toro/toro/assets/images/product/product-11.jpg]
[template.hasthemes.com/toro/toro/assets/images/product/product-11-2.jpg]
[template.hasthemes.com/toro/toro/assets/images/product/product-10.jpg]
[template.hasthemes.com/toro/toro/assets/images/product/product-10-2.jpg]
[template.hasthemes.com/toro/toro/assets/images/product/product-2.jpg]
[template.hasthemes.com/toro/toro/assets/images/product/product-2-2.jpg]
[template.hasthemes.com/toro/toro/assets/images/brand-logo/brand-logo-1.png]
[template.hasthemes.com/toro/toro/assets/images/brand-logo/brand-logo-2.png]
[template.hasthemes.com/toro/toro/assets/images/brand-logo/brand-logo-3.png]
[template.hasthemes.com/toro/toro/assets/images/brand-logo/brand-logo-4.png]
[template.hasthemes.com/toro/toro/assets/images/brand-logo/brand-logo-5.png]
[template.hasthemes.com/toro/toro/assets/images/brand-logo/brand-logo-6.png]
[template.hasthemes.com/toro/toro/assets/images/demo-img/h-1.jpg]
[template.hasthemes.com/toro/toro/assets/images/demo-img/h-2.jpg]
[template.hasthemes.com/toro/toro/assets/images/demo-img/h-3.jpg]
[template.hasthemes.com/toro/toro/assets/images/demo-img/h-4.jpg]
[template.hasthemes.com/toro/toro/assets/images/demo-img/h-5.jpg]
[template.hasthemes.com/toro/toro/assets/images/demo-img/h-6.jpg]
[template.hasthemes.com/toro/toro/assets/images/demo-img/h-7.jpg]
[template.hasthemes.com/toro/toro/assets/images/demo-img/h-8.jpg]
[template.hasthemes.com/toro/toro/assets/images/demo-img/h-9.jpg]
[template.hasthemes.com/toro/toro/assets/images/demo-img/h-10.jpg]
[template.hasthemes.com/toro/toro/assets/images/demo-img/h-11.jpg]
[template.hasthemes.com/toro/toro/assets/images/demo-img/h-12.jpg]
[template.hasthemes.com/toro/toro/assets/images/demo-img/h-13.jpg]
[template.hasthemes.com/toro/toro/assets/images/demo-img/h-14.jpg]
[template.hasthemes.com/toro/toro/assets/images/demo-img/h-15.jpg]
[template.hasthemes.com/toro/toro/assets/images/demo-img/h-16.jpg]
[template.hasthemes.com/toro/toro/assets/images/demo-img/h-17.jpg]
[template.hasthemes.com/toro/toro/assets/images/demo-img/h-18.jpg]
[template.hasthemes.com/toro/toro/assets/images/demo-img/h-19.jpg]
[template.hasthemes.com/toro/toro/assets/images/product/quickview-1.jpg]
[template.hasthemes.com/toro/toro/assets/images/product/quickview-2.jpg]
[template.hasthemes.com/toro/toro/assets/js/vendor/modernizr-3.11.7.min.js]
[template.hasthemes.com/toro/toro/assets/js/vendor/popper.js]
[template.hasthemes.com/toro/toro/assets/js/vendor/jquery-v3.6.0.min.js]
[template.hasthemes.com/toro/toro/assets/js/vendor/bootstrap.min.js]
[template.hasthemes.com/toro/toro/assets/js/plugins/owl-carousel.js]
[template.hasthemes.com/toro/toro/assets/js/plugins/slick.js]
[template.hasthemes.com/toro/toro/assets/js/plugins/jarallax.min.js]
[template.hasthemes.com/toro/toro/assets/js/plugins/countdown.js]
[template.hasthemes.com/toro/toro/assets/js/plugins/magnific-popup.js]
[template.hasthemes.com/toro/toro/assets/js/plugins/instafeed.js]
[template.hasthemes.com/toro/toro/assets/js/plugins/tilt.js]
[template.hasthemes.com/toro/toro/assets/js/plugins/images-loaded.js]
[template.hasthemes.com/toro/toro/assets/js/plugins/isotope.js]
[template.hasthemes.com/toro/toro/assets/js/plugins/scrolloverflow-fullpage.js]
[template.hasthemes.com/toro/toro/assets/js/plugins/fullpage.js]
[template.hasthemes.com/toro/toro/assets/js/plugins/jquery-ui.js]
[template.hasthemes.com/toro/toro/assets/js/plugins/jquery-ui-touch-punch.js]
[template.hasthemes.com/toro/toro/assets/js/plugins/easyzoom.js]
[template.hasthemes.com/toro/toro/assets/js/plugins/resizesensor.js]
[template.hasthemes.com/toro/toro/assets/js/plugins/sticky-sidebar.js]
[template.hasthemes.com/toro/toro/assets/js/plugins/scrollup.js]
[template.hasthemes.com/toro/toro/assets/js/plugins/select2.min.js]
[template.hasthemes.com/toro/toro/assets/js/plugins/cookie.js]
[template.hasthemes.com/toro/toro/assets/js/plugins/bpopup.js]
[template.hasthemes.com/toro/toro/assets/js/plugins/wow.js]
[template.hasthemes.com/toro/toro/assets/js/plugins/ajax-mail.js]
[template.hasthemes.com/toro/toro/index-6.html]
[template.hasthemes.com/toro/toro/assets/css/vendor/bootstrap.min.css]
[template.hasthemes.com/toro/toro/assets/js/main.js]
[template.hasthemes.com/toro/toro/assets/fonts/fontawesome-webfont3e6e.woff2]
[template.hasthemes.com/toro/toro/assets/fonts/fontawesome-webfont3e6e.eot]
[template.hasthemes.com/toro/toro/assets/fonts/fontawesome-webfont3e6e.woff]
[template.hasthemes.com/toro/toro/assets/fonts/fontawesome-webfont3e6e.ttf]
[template.hasthemes.com/toro/toro/assets/css/vendor/font-awesome.css]
[template.hasthemes.com/toro/toro/assets/fonts/fontawesome-webfontd41d.eot]
[template.hasthemes.com/toro/toro/assets/fonts/dlicon.woff2]
[template.hasthemes.com/toro/toro/assets/fonts/dlicon.woff]
[template.hasthemes.com/toro/toro/assets/fonts/fontawesome-webfont3e6e.svg]
[template.hasthemes.com/toro/toro/assets/fonts/dlicon.ttf]
[template.hasthemes.com/toro/toro/assets/css/vendor/dlicon.css]
[template.hasthemes.com/toro/toro/assets/css/plugins/owl.video.play.png]
[template.hasthemes.com/toro/toro/assets/css/plugins/owl-carousel.css]
[template.hasthemes.com/toro/toro/assets/css/plugins/slick.css]
[template.hasthemes.com/toro/toro/assets/css/plugins/magnific-popup.css]
[template.hasthemes.com/toro/toro/assets/css/plugins/jarallax.css]
[template.hasthemes.com/toro/toro/assets/css/plugins/easyzoom.css]
[template.hasthemes.com/toro/toro/assets/css/plugins/animate.css]
[template.hasthemes.com/toro/toro/assets/css/plugins/fullpage.css]
[template.hasthemes.com/toro/toro/assets/css/plugins/images/ui-icons_444444_256x240.png]
[template.hasthemes.com/toro/toro/assets/css/plugins/images/ui-icons_555555_256x240.png]
[template.hasthemes.com/toro/toro/assets/css/plugins/images/ui-icons_ffffff_256x240.png]
[template.hasthemes.com/toro/toro/assets/css/plugins/images/ui-icons_777620_256x240.png]
[template.hasthemes.com/toro/toro/assets/css/plugins/images/ui-icons_cc0000_256x240.png]
[template.hasthemes.com/toro/toro/assets/css/plugins/images/ui-icons_777777_256x240.png]
[template.hasthemes.com/toro/toro/assets/css/plugins/jquery-ui.css]
[template.hasthemes.com/toro/toro/assets/css/plugins/select2.min.css]
[template.hasthemes.com/toro/toro/assets/images/icon-img/circle-simple-right.png]
[template.hasthemes.com/toro/toro/assets/images/icon-img/bg-title-home-06.png]
[template.hasthemes.com/toro/toro/assets/images/bg/bg-1.png]
[template.hasthemes.com/toro/toro/assets/images/icon-img/home14-bg-1.jpg]
[template.hasthemes.com/toro/toro/assets/images/bg/bg-comming-soon-01.jpg]
[template.hasthemes.com/toro/toro/assets/images/bg/bg-comming-soon-02.jpg]
[template.hasthemes.com/toro/toro/assets/images/bg/bg-comming-soon-03.png]
[template.hasthemes.com/toro/toro/assets/images/icon-img/quote.png]
[template.hasthemes.com/toro/toro/assets/images/icon-img/select.png]
[template.hasthemes.com/toro/toro/assets/images/bg/breadcrumb-bg-1.jpg]
[template.hasthemes.com/toro/toro/assets/images/bg/breadcrumb-bg-2.png]
[template.hasthemes.com/toro/toro/assets/images/bg/breadcrumb-bg-3.jpg]
[template.hasthemes.com/toro/toro/assets/images/bg/breadcrumb-bg-4.jpg]
[template.hasthemes.com/toro/toro/assets/images/icon-img/btn-play-3.png]
[template.hasthemes.com/toro/toro/assets/css/style.css]
[template.hasthemes.com/toro/toro/assets/images/slider/slider-hm1-1.jpg]
[template.hasthemes.com/toro/toro/assets/images/slider/slider-hm1-2.jpg]
[template.hasthemes.com/toro/toro/assets/images/slider/slider-hm1-3.jpg]
[template.hasthemes.com/toro/toro/assets/images/logo/logo-white.png]
[template.hasthemes.com/toro/toro/assets/images/banner/newletter-popup.jpg]
[template.hasthemes.com/toro/toro/index.html]
[template.hasthemes.com/toro/toro/wishlist.html]
[template.hasthemes.com/toro/toro/assets/images/slider/slider-hm2-1.png]
[template.hasthemes.com/toro/toro/assets/images/slider/slider-hm2-2.png]
[template.hasthemes.com/toro/toro/assets/images/slider/slider-hm2-3.png]
[template.hasthemes.com/toro/toro/assets/images/categories/categories-1.jpg]
[template.hasthemes.com/toro/toro/assets/images/categories/categories-2.jpg]
[template.hasthemes.com/toro/toro/assets/images/categories/categories-3.jpg]
[template.hasthemes.com/toro/toro/assets/images/icon-img/paypal.png]
[template.hasthemes.com/toro/toro/index-2.html]
[template.hasthemes.com/toro/toro/assets/images/slider/slider-hm3-1.jpg]
[template.hasthemes.com/toro/toro/assets/images/slider/slider-hm3-2.jpg]
[template.hasthemes.com/toro/toro/assets/images/slider/slider-hm3-4.png]
[template.hasthemes.com/toro/toro/assets/images/slider/slider-hm3-3.jpg]
[template.hasthemes.com/toro/toro/assets/images/bg/bg-2.jpg]
[template.hasthemes.com/toro/toro/assets/images/banner/banner-2.jpg]
[template.hasthemes.com/toro/toro/assets/images/banner/banner-3.jpg]
[template.hasthemes.com/toro/toro/assets/images/bg/bg-3.jpg]
[template.hasthemes.com/toro/toro/index-3.html]
[template.hasthemes.com/toro/toro/assets/images/slider/slider-hm4-position-1.png]
[template.hasthemes.com/toro/toro/assets/images/slider/slider-hm4-position-2.png]
[template.hasthemes.com/toro/toro/assets/images/slider/slider-hm4-position-3.png]
[template.hasthemes.com/toro/toro/assets/images/slider/slider-hm4-2.jpg]
[template.hasthemes.com/toro/toro/assets/images/slider/slider-hm4-position-4.png]
[template.hasthemes.com/toro/toro/assets/images/slider/slider-hm4-position-5.png]
[template.hasthemes.com/toro/toro/assets/images/banner/banner-4.jpg]
[template.hasthemes.com/toro/toro/assets/images/banner/banner-5.jpg]
[template.hasthemes.com/toro/toro/assets/images/banner/banner-6.jpg]
[template.hasthemes.com/toro/toro/assets/images/banner/banner-7.jpg]
[template.hasthemes.com/toro/toro/assets/images/banner/banner-8.jpg]
[template.hasthemes.com/toro/toro/assets/images/bg/bg-4.jpg]
[template.hasthemes.com/toro/toro/assets/images/blog/blog-1.jpg]
[template.hasthemes.com/toro/toro/assets/images/blog/blog-2.jpg]
[template.hasthemes.com/toro/toro/index-4.html]
[template.hasthemes.com/toro/toro/assets/images/slider/slider-hm5-position-1-1.png]
[template.hasthemes.com/toro/toro/assets/images/slider/slider-hm5-position-1-2.png]
[template.hasthemes.com/toro/toro/assets/images/slider/slider-hm5-position-1-3.png]
[template.hasthemes.com/toro/toro/assets/images/slider/slider-hm5-position-2-1.png]
[template.hasthemes.com/toro/toro/assets/images/slider/slider-hm5-position-2-2.png]
[template.hasthemes.com/toro/toro/assets/images/slider/slider-hm5-position-2-3.png]
[template.hasthemes.com/toro/toro/assets/images/slider/slider-hm5-position-3-1.png]
[template.hasthemes.com/toro/toro/assets/images/bg/bg-5.png]
[template.hasthemes.com/toro/toro/assets/images/icon-img/play_btn.png]
[template.hasthemes.com/toro/toro/index-5.html]
[template.hasthemes.com/toro/toro/assets/images/slider/slider-hm7-position-1.png]
[template.hasthemes.com/toro/toro/assets/images/slider/slider-hm7-position-2.png]
[template.hasthemes.com/toro/toro/assets/images/slider/slider-hm7-position-3.png]
[template.hasthemes.com/toro/toro/assets/images/slider/slider-hm7-position-4.png]
[template.hasthemes.com/toro/toro/assets/images/slider/slider-hm7-position-5.png]
[template.hasthemes.com/toro/toro/assets/images/slider/slider-hm7-position-6.png]
[template.hasthemes.com/toro/toro/assets/images/product/product-17.jpg]
[template.hasthemes.com/toro/toro/assets/images/product/product-18.jpg]
[template.hasthemes.com/toro/toro/assets/images/product/product-19.jpg]
[template.hasthemes.com/toro/toro/assets/images/bg/bg-6.jpg]
[template.hasthemes.com/toro/toro/assets/images/icon-img/testimonial-icon.png]
[template.hasthemes.com/toro/toro/assets/images/testimonial/client-img-1.jpg]
[template.hasthemes.com/toro/toro/index-7.html]
[template.hasthemes.com/toro/toro/assets/images/banner/banner-12.jpg]
[template.hasthemes.com/toro/toro/assets/images/banner/banner-11.jpg]
[template.hasthemes.com/toro/toro/assets/images/banner/banner-13.jpg]
[template.hasthemes.com/toro/toro/assets/images/icon-img/banner-text.png]
[template.hasthemes.com/toro/toro/assets/images/banner/banner-14.jpg]
[template.hasthemes.com/toro/toro/assets/images/banner/banner-15.jpg]
[template.hasthemes.com/toro/toro/assets/images/bg/bg-7.jpg]
[template.hasthemes.com/toro/toro/assets/images/icon-img/play_btn_2.png]
[template.hasthemes.com/toro/toro/assets/images/product/shop-instra-1.jpg]
[template.hasthemes.com/toro/toro/assets/images/product/shop-instra-2.jpg]
[template.hasthemes.com/toro/toro/assets/images/product/shop-instra-3.jpg]
[template.hasthemes.com/toro/toro/assets/images/product/shop-instra-4.jpg]
[template.hasthemes.com/toro/toro/assets/images/product/shop-instra-5.jpg]
[template.hasthemes.com/toro/toro/assets/images/product/shop-instra-6.jpg]
[template.hasthemes.com/toro/toro/index-8.html]
[template.hasthemes.com/toro/toro/assets/images/product/pro-slider-1.png]
[template.hasthemes.com/toro/toro/assets/images/product/pro-slider-2.png]
[template.hasthemes.com/toro/toro/assets/images/product/pro-slider-3.png]
[template.hasthemes.com/toro/toro/assets/images/banner/banner-16.jpg]
[template.hasthemes.com/toro/toro/assets/images/banner/banner-17.jpg]
[template.hasthemes.com/toro/toro/assets/images/banner/banner-18.jpg]
[template.hasthemes.com/toro/toro/assets/images/product/product-20.jpg]
[template.hasthemes.com/toro/toro/assets/images/product/product-21.jpg]
[template.hasthemes.com/toro/toro/assets/images/product/product-22.jpg]
[template.hasthemes.com/toro/toro/assets/images/product/product-23.jpg]
[template.hasthemes.com/toro/toro/assets/images/product/product-24.jpg]
[template.hasthemes.com/toro/toro/assets/images/product/product-25.jpg]
[template.hasthemes.com/toro/toro/assets/images/product/product-26.jpg]
[template.hasthemes.com/toro/toro/assets/images/product/product-27.jpg]
[template.hasthemes.com/toro/toro/assets/images/product/product-28.jpg]
[template.hasthemes.com/toro/toro/assets/images/product/product-29.jpg]
[template.hasthemes.com/toro/toro/assets/images/product/product-30.jpg]
[template.hasthemes.com/toro/toro/assets/images/product/product-31.jpg]
[template.hasthemes.com/toro/toro/assets/images/product/product-banner-1.jpg]
[template.hasthemes.com/toro/toro/assets/images/product/product-banner-2.jpg]
[template.hasthemes.com/toro/toro/index-9.html]
[template.hasthemes.com/toro/toro/assets/images/slider/slider-hm10-1.png]
[template.hasthemes.com/toro/toro/assets/images/slider/slider-hm10-2.png]
[template.hasthemes.com/toro/toro/assets/images/slider/slider-hm10-3.png]
[template.hasthemes.com/toro/toro/assets/images/banner/banner-19.jpg]
[template.hasthemes.com/toro/toro/assets/images/banner/banner-20.jpg]
[template.hasthemes.com/toro/toro/assets/images/banner/banner-21.jpg]
[template.hasthemes.com/toro/toro/assets/images/bg/bg-8.jpg]
[template.hasthemes.com/toro/toro/assets/images/bg/bg-9.jpg]
[template.hasthemes.com/toro/toro/assets/images/blog/blog-3.jpg]
[template.hasthemes.com/toro/toro/assets/images/blog/blog-4.jpg]
[template.hasthemes.com/toro/toro/index-10.html]
[template.hasthemes.com/toro/toro/assets/images/logo/logo-2.png]
[template.hasthemes.com/toro/toro/assets/images/slider/slider-hm11-1.jpg]
[template.hasthemes.com/toro/toro/assets/images/slider/slider-hm11-2.jpg]
[template.hasthemes.com/toro/toro/assets/images/banner/banner-22.jpg]
[template.hasthemes.com/toro/toro/assets/images/banner/banner-23.jpg]
[template.hasthemes.com/toro/toro/assets/images/banner/banner-24.jpg]
[template.hasthemes.com/toro/toro/assets/images/product/product-32.jpg]
[template.hasthemes.com/toro/toro/assets/images/product/product-33.jpg]
[template.hasthemes.com/toro/toro/assets/images/product/product-34.jpg]
[template.hasthemes.com/toro/toro/assets/images/product/product-35.jpg]
[template.hasthemes.com/toro/toro/assets/images/product/product-36.jpg]
[template.hasthemes.com/toro/toro/assets/images/product/product-37.jpg]
[template.hasthemes.com/toro/toro/assets/images/product/product-38.jpg]
[template.hasthemes.com/toro/toro/assets/images/product/product-39.jpg]
[template.hasthemes.com/toro/toro/assets/images/product/product-40.jpg]
[template.hasthemes.com/toro/toro/assets/images/product/product-41.jpg]
[template.hasthemes.com/toro/toro/assets/images/bg/bg-10.jpg]
[template.hasthemes.com/toro/toro/assets/images/product/product-42.jpg]
[template.hasthemes.com/toro/toro/assets/images/product/product-43.jpg]
[template.hasthemes.com/toro/toro/assets/images/product/product-44.jpg]
[template.hasthemes.com/toro/toro/assets/images/product/product-45.jpg]
[template.hasthemes.com/toro/toro/assets/images/product/product-46.jpg]
[template.hasthemes.com/toro/toro/assets/images/product/product-47.jpg]
[template.hasthemes.com/toro/toro/assets/images/product/product-48.jpg]
[template.hasthemes.com/toro/toro/assets/images/product/product-49.jpg]
[template.hasthemes.com/toro/toro/assets/images/product/product-50.jpg]
[template.hasthemes.com/toro/toro/assets/images/product/product-51.jpg]
[template.hasthemes.com/toro/toro/assets/images/banner/banner-25.jpg]
[template.hasthemes.com/toro/toro/assets/images/banner/banner-26.jpg]
[template.hasthemes.com/toro/toro/assets/images/banner/banner-27.jpg]
[template.hasthemes.com/toro/toro/assets/images/icon-img/testimonial-icon-02.png]
[template.hasthemes.com/toro/toro/assets/images/blog/blog-5.jpg]
[template.hasthemes.com/toro/toro/assets/images/blog/blog-6.jpg]
[template.hasthemes.com/toro/toro/assets/images/blog/blog-7.jpg]
[template.hasthemes.com/toro/toro/assets/images/logo/logo-2-white.png]
[template.hasthemes.com/toro/toro/index-11.html]
[template.hasthemes.com/toro/toro/assets/images/logo/logo-furniture-02.png]
[template.hasthemes.com/toro/toro/assets/images/slider/slider-hm12-position-1-1.png]
[template.hasthemes.com/toro/toro/assets/images/slider/slider-hm12-position-1-2.png]
[template.hasthemes.com/toro/toro/assets/images/slider/slider-hm12-position-2-1.png]
[template.hasthemes.com/toro/toro/assets/images/slider/slider-hm12-position-2-2.png]
[template.hasthemes.com/toro/toro/assets/images/slider/slider-hm12-position-3-1.png]
[template.hasthemes.com/toro/toro/assets/images/slider/slider-hm12-position-3-2.png]
[template.hasthemes.com/toro/toro/index-12.html]
[template.hasthemes.com/toro/toro/assets/images/slider/slider-hm13-1.jpg]
[template.hasthemes.com/toro/toro/assets/images/slider/slider-hm13-2.jpg]
[template.hasthemes.com/toro/toro/assets/images/slider/slider-hm13-3.jpg]
[template.hasthemes.com/toro/toro/index-13.html]
[template.hasthemes.com/toro/toro/assets/images/product/feature-collection-1.jpg]
[template.hasthemes.com/toro/toro/assets/images/product/feature-collection-2.jpg]
[template.hasthemes.com/toro/toro/assets/images/product/feature-collection-3.jpg]
[template.hasthemes.com/toro/toro/assets/images/product/feature-collection-4.jpg]
[template.hasthemes.com/toro/toro/assets/images/product/feature-collection-5.jpg]
[template.hasthemes.com/toro/toro/assets/images/bg/bg-11.jpg]
[template.hasthemes.com/toro/toro/assets/images/product/delay.png]
[template.hasthemes.com/toro/toro/index-14.html]
[template.hasthemes.com/toro/toro/assets/images/logo/logo-white-2.jpg]
[template.hasthemes.com/toro/toro/assets/images/slider/home15-banner-01.jpg]
[template.hasthemes.com/toro/toro/assets/images/slider/home15-banner-02.jpg]
[template.hasthemes.com/toro/toro/assets/images/slider/home15-banner-03.jpg]
[template.hasthemes.com/toro/toro/assets/images/slider/home15-banner-04.jpg]
[template.hasthemes.com/toro/toro/index-15.html]
[template.hasthemes.com/toro/toro/shop-fullwide.htmll]
[template.hasthemes.com/toro/toro/assets/images/slider/slider-hm16-1.png]
[template.hasthemes.com/toro/toro/assets/images/slider/slider-hm16-2.png]
[template.hasthemes.com/toro/toro/assets/images/slider/slider-hm16-3.png]
[template.hasthemes.com/toro/toro/assets/images/menu/banner-header-2.jpg]
[template.hasthemes.com/toro/toro/assets/images/menu/banner-header-3.jpg]
[template.hasthemes.com/toro/toro/assets/images/banner/banner-28.jpg]
[template.hasthemes.com/toro/toro/assets/images/banner/banner-29.jpg]
[template.hasthemes.com/toro/toro/assets/images/banner/banner-30.jpg]
[template.hasthemes.com/toro/toro/assets/images/banner/banner-31.jpg]
[template.hasthemes.com/toro/toro/index-16.html]
[template.hasthemes.com/toro/toro/assets/images/banner/banner-32.jpg]
[template.hasthemes.com/toro/toro/assets/images/banner/banner-33.jpg]
[template.hasthemes.com/toro/toro/assets/images/banner/banner-34.jpg]
[template.hasthemes.com/toro/toro/assets/images/banner/banner-35.jpg]
[template.hasthemes.com/toro/toro/assets/images/banner/banner-36.jpg]
[template.hasthemes.com/toro/toro/assets/images/banner/banner-37.jpg]
[template.hasthemes.com/toro/toro/assets/images/banner/banner-38.jpg]
[template.hasthemes.com/toro/toro/assets/images/banner/banner-39.jpg]
[template.hasthemes.com/toro/toro/assets/images/banner/banner-40.jpg]
[template.hasthemes.com/toro/toro/assets/images/banner/banner-41.jpg]
[template.hasthemes.com/toro/toro/index-17.html]
[template.hasthemes.com/toro/toro/assets/images/slider/home18-img-02-1.png]
[template.hasthemes.com/toro/toro/assets/images/slider/home18-img-01-1.png]
[template.hasthemes.com/toro/toro/assets/images/slider/home18-img-03-1.png]
[template.hasthemes.com/toro/toro/assets/images/slider/home18-img-04-1.png]
[template.hasthemes.com/toro/toro/index-18.html]
[template.hasthemes.com/toro/toro/assets/images/banner/banner-42.jpg]
[template.hasthemes.com/toro/toro/assets/images/banner/banner-43.jpg]
[template.hasthemes.com/toro/toro/assets/images/banner/banner-44.jpg]
[template.hasthemes.com/toro/toro/assets/images/banner/banner-45.jpg]
[template.hasthemes.com/toro/toro/assets/images/banner/banner-46.jpg]
[template.hasthemes.com/toro/toro/assets/images/banner/banner-47.jpg]
[template.hasthemes.com/toro/toro/assets/images/categories/categories-4.jpg]
[template.hasthemes.com/toro/toro/assets/images/categories/categories-5.jpg]
[template.hasthemes.com/toro/toro/assets/images/categories/categories-6.jpg]
[template.hasthemes.com/toro/toro/assets/images/categories/categories-7.jpg]
[template.hasthemes.com/toro/toro/assets/images/categories/categories-8.jpg]
[template.hasthemes.com/toro/toro/assets/images/categories/categories-9.jpg]
[template.hasthemes.com/toro/toro/assets/images/categories/categories-10.jpg]
[template.hasthemes.com/toro/toro/assets/images/categories/categories-11.jpg]
[template.hasthemes.com/toro/toro/assets/images/product/product-52.jpg]
[template.hasthemes.com/toro/toro/assets/images/product/product-52-2.jpg]
[template.hasthemes.com/toro/toro/assets/images/product/product-53.jpg]
[template.hasthemes.com/toro/toro/assets/images/product/product-53-2.jpg]
[template.hasthemes.com/toro/toro/assets/images/product/product-54.jpg]
[template.hasthemes.com/toro/toro/assets/images/product/product-55.jpg]
[template.hasthemes.com/toro/toro/assets/images/product/product-56.jpg]
[template.hasthemes.com/toro/toro/assets/images/product/product-57.jpg]
[template.hasthemes.com/toro/toro/assets/images/product/product-58.jpg]
[template.hasthemes.com/toro/toro/assets/images/product/product-58-2.jpg]
[template.hasthemes.com/toro/toro/assets/images/product/product-59.jpg]
[template.hasthemes.com/toro/toro/assets/images/product/product-59-2.jpg]
[template.hasthemes.com/toro/toro/assets/images/product/product-60.jpg]
[template.hasthemes.com/toro/toro/assets/images/product/product-61.jpg]
[template.hasthemes.com/toro/toro/assets/images/product/product-61-2.jpg]
[template.hasthemes.com/toro/toro/assets/images/banner/banner-48.jpg]
[template.hasthemes.com/toro/toro/assets/images/banner/banner-49.jpg]
[template.hasthemes.com/toro/toro/assets/images/banner/banner-50.jpg]
[template.hasthemes.com/toro/toro/index-19.html]
[template.hasthemes.com/toro/toro/assets/images/banner/about-01.jpg]
[template.hasthemes.com/toro/toro/assets/images/testimonial/testi-5.png]
[template.hasthemes.com/toro/toro/assets/images/testimonial/testi-6.png]
[template.hasthemes.com/toro/toro/assets/images/testimonial/testi-7.png]
[template.hasthemes.com/toro/toro/assets/images/testimonial/testi-8.png]
[template.hasthemes.com/toro/toro/assets/images/team/member-01.jpg]
[template.hasthemes.com/toro/toro/assets/images/team/member-02.jpg]
[template.hasthemes.com/toro/toro/assets/images/team/member-03.jpg]
[template.hasthemes.com/toro/toro/assets/images/brand-logo/brand-logo-8.png]
[template.hasthemes.com/toro/toro/assets/images/brand-logo/brand-logo-9.png]
[template.hasthemes.com/toro/toro/assets/images/brand-logo/brand-logo-10.png]
[template.hasthemes.com/toro/toro/assets/images/brand-logo/brand-logo-11.png]
[template.hasthemes.com/toro/toro/assets/images/brand-logo/brand-logo-12.png]
[template.hasthemes.com/toro/toro/assets/images/brand-logo/brand-logo-13.png]
[template.hasthemes.com/toro/toro/about-us.html]
[template.hasthemes.com/toro/toro/contact-us.html]
[template.hasthemes.com/toro/toro/assets/images/banner/error.png]
[template.hasthemes.com/toro/toro/404.html]
[template.hasthemes.com/toro/toro/comming-soon.html]
[template.hasthemes.com/toro/toro/comming-soon-2.html]
[template.hasthemes.com/toro/toro/faq.html]
[template.hasthemes.com/toro/toro/shop-fullwide.html]
[template.hasthemes.com/toro/toro/assets/images/banner/sidebar-banner.jpg]
[template.hasthemes.com/toro/toro/shop-sidebar.html]
[template.hasthemes.com/toro/toro/assets/images/product/metro-1.jpg]
[template.hasthemes.com/toro/toro/assets/images/product/metro-2.jpg]
[template.hasthemes.com/toro/toro/assets/images/product/metro-2-2.jpg]
[template.hasthemes.com/toro/toro/assets/images/product/metro-3.jpg]
[template.hasthemes.com/toro/toro/assets/images/product/metro-3-2.jpg]
[template.hasthemes.com/toro/toro/assets/images/product/metro-4.jpg]
[template.hasthemes.com/toro/toro/assets/images/product/metro-4-2.jpg]
[template.hasthemes.com/toro/toro/assets/images/product/metro-5.jpg]
[template.hasthemes.com/toro/toro/assets/images/product/metro-5-2.jpg]
[template.hasthemes.com/toro/toro/assets/images/product/metro-6.jpg]
[template.hasthemes.com/toro/toro/assets/images/product/metro-6-2.jpg]
[template.hasthemes.com/toro/toro/assets/images/product/metro-7.jpg]
[template.hasthemes.com/toro/toro/assets/images/product/metro-7-2.jpg]
[template.hasthemes.com/toro/toro/assets/images/product/metro-8.jpg]
[template.hasthemes.com/toro/toro/assets/images/product/metro-8-2.jpg]
[template.hasthemes.com/toro/toro/assets/images/product/metro-9.jpg]
[template.hasthemes.com/toro/toro/assets/images/product/metro-9-2.jpg]
[template.hasthemes.com/toro/toro/assets/images/product/metro-10.jpg]
[template.hasthemes.com/toro/toro/assets/images/product/metro-10-2.jpg]
[template.hasthemes.com/toro/toro/assets/images/product/metro-11.jpg]
[template.hasthemes.com/toro/toro/assets/images/product/metro-11-2.jpg]
[template.hasthemes.com/toro/toro/assets/images/product/metro-12.jpg]
[template.hasthemes.com/toro/toro/assets/images/product/metro-12-2.jpg]
[template.hasthemes.com/toro/toro/assets/images/product/metro-13.jpg]
[template.hasthemes.com/toro/toro/assets/images/product/metro-13-2.jpg]
[template.hasthemes.com/toro/toro/shop-metro.html]
[template.hasthemes.com/toro/toro/shop-3-col.html]
[template.hasthemes.com/toro/toro/shop-2-col.html]
[template.hasthemes.com/toro/toro/assets/images/product/collection-1.jpg]
[template.hasthemes.com/toro/toro/assets/images/product/collection-2.jpg]
[template.hasthemes.com/toro/toro/assets/images/product/collection-3.jpg]
[template.hasthemes.com/toro/toro/assets/images/product/collection-4.jpg]
[template.hasthemes.com/toro/toro/assets/images/product/collection-5.jpg]
[template.hasthemes.com/toro/toro/assets/images/product/collection-6.jpg]
[template.hasthemes.com/toro/toro/assets/images/product/collection-7.jpg]
[template.hasthemes.com/toro/toro/assets/images/product/collection-8.jpg]
[template.hasthemes.com/toro/toro/assets/images/product/collection-9.jpg]
[template.hasthemes.com/toro/toro/assets/images/product/collection-10.jpg]
[template.hasthemes.com/toro/toro/shop-collection-1.html]
[template.hasthemes.com/toro/toro/assets/images/product/collection-11.jpg]
[template.hasthemes.com/toro/toro/assets/images/product/collection-12.jpg]
[template.hasthemes.com/toro/toro/assets/images/product/collection-13.jpg]
[template.hasthemes.com/toro/toro/assets/images/product/collection-14.jpg]
[template.hasthemes.com/toro/toro/assets/images/product/collection-15.jpg]
[template.hasthemes.com/toro/toro/assets/images/product/collection-16.jpg]
[template.hasthemes.com/toro/toro/assets/images/product/collection-17.jpg]
[template.hasthemes.com/toro/toro/assets/images/product/collection-18.jpg]
[template.hasthemes.com/toro/toro/assets/images/product/collection-19.jpg]
[template.hasthemes.com/toro/toro/shop-collection-2.html]
[template.hasthemes.com/toro/toro/assets/images/product-details/b-large-1.jpg]
[template.hasthemes.com/toro/toro/assets/images/product-details/large-1.jpg]
[template.hasthemes.com/toro/toro/assets/images/product-details/b-large-2.jpg]
[template.hasthemes.com/toro/toro/assets/images/product-details/large-2.jpg]
[template.hasthemes.com/toro/toro/assets/images/product-details/b-large-3.jpg]
[template.hasthemes.com/toro/toro/assets/images/product-details/large-3.jpg]
[template.hasthemes.com/toro/toro/assets/images/product-details/b-large-4.jpg]
[template.hasthemes.com/toro/toro/assets/images/product-details/large-4.jpg]
[template.hasthemes.com/toro/toro/assets/images/product-details/small-1.jpg]
[template.hasthemes.com/toro/toro/assets/images/product-details/small-2.jpg]
[template.hasthemes.com/toro/toro/assets/images/product-details/small-3.jpg]
[template.hasthemes.com/toro/toro/assets/images/product-details/small-4.jpg]
[template.hasthemes.com/toro/toro/assets/images/product-details/pro-details-sidebar-1.jpg]
[template.hasthemes.com/toro/toro/assets/images/product-details/pro-details-sidebar-2.jpg]
[template.hasthemes.com/toro/toro/assets/images/product-details/pro-details-banner.jpg]
[template.hasthemes.com/toro/toro/assets/images/product-details/client-1.jpg]
[template.hasthemes.com/toro/toro/assets/images/brand-logo/brand-logo-7.png]
[template.hasthemes.com/toro/toro/product-details.html]
[template.hasthemes.com/toro/toro/product-details-2.html]
[template.hasthemes.com/toro/toro/product-details-group.html]
[template.hasthemes.com/toro/toro/assets/images/product-details/b-large-5.jpg]
[template.hasthemes.com/toro/toro/assets/images/product-details/sticky-sidebar1.jpg]
[template.hasthemes.com/toro/toro/assets/images/product-details/b-large-6.jpg]
[template.hasthemes.com/toro/toro/assets/images/product-details/sticky-sidebar2.jpg]
[template.hasthemes.com/toro/toro/assets/images/product-details/b-large-7.jpg]
[template.hasthemes.com/toro/toro/assets/images/product-details/sticky-sidebar3.jpg]
[template.hasthemes.com/toro/toro/assets/images/product-details/b-large-8.jpg]
[template.hasthemes.com/toro/toro/assets/images/product-details/sticky-sidebar4.jpg]
[template.hasthemes.com/toro/toro/product-details-sticky.html]
[template.hasthemes.com/toro/toro/product-details-configurable.html]
[template.hasthemes.com/toro/toro/assets/images/product-details/b-large-9.jpg]
[template.hasthemes.com/toro/toro/assets/images/product-details/large-5.jpg]
[template.hasthemes.com/toro/toro/assets/images/product-details/b-large-10.jpg]
[template.hasthemes.com/toro/toro/assets/images/product-details/large-6.jpg]
[template.hasthemes.com/toro/toro/assets/images/product-details/b-large-11.jpg]
[template.hasthemes.com/toro/toro/assets/images/product-details/large-7.jpg]
[template.hasthemes.com/toro/toro/assets/images/product-details/b-large-12.jpg]
[template.hasthemes.com/toro/toro/assets/images/product-details/large-8.jpg]
[template.hasthemes.com/toro/toro/product-details-thumbnail.html]
[template.hasthemes.com/toro/toro/product-details-video.html]
[template.hasthemes.com/toro/toro/product-details-affiliate.html]
[template.hasthemes.com/toro/toro/product-details-sidebar.html]
[template.hasthemes.com/toro/toro/my-account.html]
[template.hasthemes.com/toro/toro/checkout.html]
[template.hasthemes.com/toro/toro/cart.html]
[template.hasthemes.com/toro/toro/assets/images/banner/order-tracking.jpg]
[template.hasthemes.com/toro/toro/order-tracking.html]
[template.hasthemes.com/toro/toro/assets/images/product/compare-1.jpg]
[template.hasthemes.com/toro/toro/assets/images/product/compare-2.jpg]
[template.hasthemes.com/toro/toro/compare.html]
[template.hasthemes.com/toro/toro/login-register.html]
[template.hasthemes.com/toro/toro/assets/images/blog/blog-8.jpg]
[template.hasthemes.com/toro/toro/assets/images/blog/blog-9.jpg]
[template.hasthemes.com/toro/toro/assets/images/blog/blog-10.jpg]
[template.hasthemes.com/toro/toro/assets/images/blog/blog-11.jpg]
[template.hasthemes.com/toro/toro/assets/images/blog/blog-12.jpg]
[template.hasthemes.com/toro/toro/assets/images/blog/blog-sidebar-1.jpg]
[template.hasthemes.com/toro/toro/assets/images/blog/blog-sidebar-2.jpg]
[template.hasthemes.com/toro/toro/assets/images/blog/blog-sidebar-3.jpg]
[template.hasthemes.com/toro/toro/assets/images/blog/blog-sidebar-4.jpg]
[template.hasthemes.com/toro/toro/assets/images/blog/banner-blog.jpg]
[template.hasthemes.com/toro/toro/blog.html]
[template.hasthemes.com/toro/toro/blog-2.html]
[template.hasthemes.com/toro/toro/assets/images/blog/blog-13.jpg]
[template.hasthemes.com/toro/toro/assets/images/blog/blog-14.jpg]
[template.hasthemes.com/toro/toro/assets/images/blog/blog-15.jpg]
[template.hasthemes.com/toro/toro/assets/images/blog/blog-16.jpg]
[template.hasthemes.com/toro/toro/assets/images/blog/blog-17.jpg]
[template.hasthemes.com/toro/toro/assets/images/blog/blog-18.jpg]
[template.hasthemes.com/toro/toro/blog-3.html]
[template.hasthemes.com/toro/toro/assets/images/blog/blg-details.jpg]
[template.hasthemes.com/toro/toro/assets/images/blog/blg-details-2.jpg]
[template.hasthemes.com/toro/toro/assets/images/blog/user1.png]
[template.hasthemes.com/toro/toro/assets/images/blog/user2.png]
[template.hasthemes.com/toro/toro/assets/images/blog/user3.png]
[template.hasthemes.com/toro/toro/assets/images/blog/user4.png]
[template.hasthemes.com/toro/toro/blog-details.html]
[template.hasthemes.com/toro/toro/blog-details-2.html]
[template.hasthemes.com/toro/toro/shop-instagram.html]
[template.hasthemes.com/toro/toro/assets/fonts/fontawesome-webfont3e6e.svg]
[template.hasthemes.com/toro/toro/assets/css/plugins/owl.video.play.html]
[template.hasthemes.com/toro/toro/assets/css/plugins/images/ui-icons_444444_256x240.html]
[template.hasthemes.com/toro/toro/assets/css/plugins/images/ui-icons_555555_256x240.html]
[template.hasthemes.com/toro/toro/assets/css/plugins/images/ui-icons_ffffff_256x240.html]
[template.hasthemes.com/toro/toro/assets/css/plugins/images/ui-icons_777620_256x240.html]
[template.hasthemes.com/toro/toro/assets/css/plugins/images/ui-icons_cc0000_256x240.html]
[template.hasthemes.com/toro/toro/assets/css/plugins/images/ui-icons_777777_256x240.html]
[template.hasthemes.com/toro/toro/shop-fullwide-2.html]
